[0m14:05:41.596067 [debug] [MainThread]: Sending event: {'category': 'dbt', 'action': 'invocation', 'label': 'start', 'context': [<snowplow_tracker.self_describing_json.SelfDescribingJson object at 0x000002540AFE82F0>, <snowplow_tracker.self_describing_json.SelfDescribingJson object at 0x0000025408363890>, <snowplow_tracker.self_describing_json.SelfDescribingJson object at 0x000002540D5A7B10>]}


============================== 14:05:41.599426 | 2c8e25fe-218c-487e-8a96-739aaef8d2cc ==============================
[0m14:05:41.599426 [info ] [MainThread]: Running with dbt=1.12.2
[0m14:05:41.599994 [debug] [MainThread]: running dbt with arguments {'maximum_seed_size_mib': '1', 'no_print': 'None', 'version_check': 'True', 'target_path': 'None', 'warn_error_options': 'WarnErrorOptionsV2(error=[], warn=[], silence=[])', 'static_parser': 'True', 'printer_width': '80', 'write_json': 'True', 'introspect': 'True', 'log_cache_events': 'False', 'empty': 'None', 'cache_selected_only': 'False', 'log_format': 'default', 'debug': 'False', 'fail_fast': 'False', 'profiles_dir': 'C:\\Users\\aferr\\.dbt', 'send_anonymous_usage_stats': 'True', 'quiet': 'False', 'warn_error': 'None', 'partial_parse': 'True', 'use_colors': 'True', 'hints_enabled': 'True', 'invocation_command': 'dbt init', 'use_experimental_parser': 'False', 'indirect_selection': 'eager', 'log_path': 'logs'}
[0m14:05:41.610790 [info ] [MainThread]: Creating dbt configuration folder at C:\Users\aferr\.dbt
[0m14:05:58.288397 [debug] [MainThread]: Starter project path: C:\Users\aferr\OneDrive\Documents\GitHub\marketing_analytics\.venv\Lib\site-packages\dbt\include\starter_project
[0m14:05:58.302727 [info ] [MainThread]: Setting up your profile.
[0m14:09:31.704574 [info ] [MainThread]: Profile marketing_analytics_dbt written to C:\Users\aferr\.dbt\profiles.yml using target's profile_template.yml and your supplied values.
[0m14:09:31.706167 [info ] [MainThread]: Running dbt debug to validate the project...
[0m14:09:31.706727 [info ] [MainThread]: dbt version: 1.12.2
[0m14:09:31.707132 [info ] [MainThread]: python version: 3.14.6
[0m14:09:31.707567 [info ] [MainThread]: python path: C:\Users\aferr\OneDrive\Documents\GitHub\marketing_analytics\.venv\Scripts\python.exe
[0m14:09:31.707901 [info ] [MainThread]: os info: Windows-11-10.0.26200-SP0
[0m14:09:31.725916 [info ] [MainThread]: Using profiles dir at C:\Users\aferr\.dbt
[0m14:09:31.726330 [info ] [MainThread]: Using profiles.yml file at C:\Users\aferr\.dbt\profiles.yml
[0m14:09:31.726703 [info ] [MainThread]: Using dbt_project.yml file at C:\Users\aferr\OneDrive\Documents\GitHub\marketing_analytics\marketing_analytics_dbt\dbt_project.yml
[0m14:09:31.727382 [info ] [MainThread]: adapter type: postgres
[0m14:09:31.727654 [info ] [MainThread]: adapter version: 1.11.0
[0m14:09:31.895439 [info ] [MainThread]: Configuration:
[0m14:09:31.896036 [info ] [MainThread]:   profiles.yml file [[32mOK found and valid[0m]
[0m14:09:31.896356 [info ] [MainThread]:   dbt_project.yml file [[32mOK found and valid[0m]
[0m14:09:31.896641 [info ] [MainThread]: Required dependencies:
[0m14:09:31.896963 [debug] [MainThread]: Executing "git --help"
[0m14:09:31.989981 [debug] [MainThread]: STDOUT: "b"usage: git [-v | --version] [-h | --help] [-C <path>] [-c <name>=<value>]\n           [--exec-path[=<path>]] [--html-path] [--man-path] [--info-path]\n           [-p | --paginate | -P | --no-pager] [--no-replace-objects] [--bare]\n           [--git-dir=<path>] [--work-tree=<path>] [--namespace=<name>]\n           [--config-env=<name>=<envvar>] <command> [<args>]\n\nThese are common Git commands used in various situations:\n\nstart a working area (see also: git help tutorial)\n   clone     Clone a repository into a new directory\n   init      Create an empty Git repository or reinitialize an existing one\n\nwork on the current change (see also: git help everyday)\n   add       Add file contents to the index\n   mv        Move or rename a file, a directory, or a symlink\n   restore   Restore working tree files\n   rm        Remove files from the working tree and from the index\n\nexamine the history and state (see also: git help revisions)\n   bisect    Use binary search to find the commit that introduced a bug\n   diff      Show changes between commits, commit and working tree, etc\n   grep      Print lines matching a pattern\n   log       Show commit logs\n   show      Show various types of objects\n   status    Show the working tree status\n\ngrow, mark and tweak your common history\n   branch    List, create, or delete branches\n   commit    Record changes to the repository\n   merge     Join two or more development histories together\n   rebase    Reapply commits on top of another base tip\n   reset     Reset current HEAD to the specified state\n   switch    Switch branches\n   tag       Create, list, delete or verify a tag object signed with GPG\n\ncollaborate (see also: git help workflows)\n   fetch     Download objects and refs from another repository\n   pull      Fetch from and integrate with another repository or a local branch\n   push      Update remote refs along with associated objects\n\n'git help -a' and 'git help -g' list available subcommands and some\nconcept guides. See 'git help <command>' or 'git help <concept>'\nto read about a specific subcommand or concept.\nSee 'git help git' for an overview of the system.\n""
[0m14:09:31.990370 [debug] [MainThread]: STDERR: "b''"
[0m14:09:31.990653 [info ] [MainThread]:  - git [[32mOK found[0m]

[0m14:09:31.990943 [info ] [MainThread]: Connection:
[0m14:09:31.991282 [info ] [MainThread]:   host: localhost
[0m14:09:31.991584 [info ] [MainThread]:   port: 5432
[0m14:09:31.991809 [info ] [MainThread]:   user: postgres
[0m14:09:31.992022 [info ] [MainThread]:   database: dvdrental
[0m14:09:31.992584 [info ] [MainThread]:   schema: public
[0m14:09:31.992928 [info ] [MainThread]:   connect_timeout: 10
[0m14:09:31.993447 [info ] [MainThread]:   role: None
[0m14:09:31.995475 [info ] [MainThread]:   search_path: None
[0m14:09:31.995865 [info ] [MainThread]:   keepalives_idle: 0
[0m14:09:31.996191 [info ] [MainThread]:   sslmode: None
[0m14:09:31.996430 [info ] [MainThread]:   sslcert: None
[0m14:09:31.996881 [info ] [MainThread]:   sslkey: None
[0m14:09:31.997190 [info ] [MainThread]:   sslrootcert: None
[0m14:09:31.997468 [info ] [MainThread]:   application_name: dbt
[0m14:09:31.997757 [info ] [MainThread]:   autocommit: False
[0m14:09:31.998127 [info ] [MainThread]:   retries: 1
[0m14:09:31.998653 [info ] [MainThread]: Registered adapter: postgres=1.11.0
[0m14:09:32.204092 [debug] [MainThread]: Acquiring new postgres connection 'debug'
[0m14:09:32.239347 [debug] [MainThread]: Using postgres connection "debug"
[0m14:09:32.239605 [debug] [MainThread]: On debug: select 1 as id
[0m14:09:32.239762 [debug] [MainThread]: Opening a new connection, currently in state init
[0m14:09:32.336844 [debug] [MainThread]: Postgres adapter: Got a retryable error when attempting to open a postgres connection.
1 attempts remaining. Retrying in 0 seconds.
Error:
connection to server at "localhost" (::1), port 5432 failed: FATAL:  password authentication failed for user "postgres"

[0m14:09:32.432563 [debug] [MainThread]: Postgres adapter: Error running SQL: select 1 as id
[0m14:09:32.432876 [debug] [MainThread]: Postgres adapter: Rolling back transaction.
[0m14:09:32.433093 [debug] [MainThread]: On debug: No close available on handle
[0m14:09:32.433281 [info ] [MainThread]:   Connection test: [[31mERROR[0m]

[0m14:09:32.433621 [info ] [MainThread]: [31m1 check failed:[0m
[0m14:09:32.434060 [info ] [MainThread]: dbt was unable to connect to the specified database.
The database returned the following error:

  >Database Error
  connection to server at "localhost" (::1), port 5432 failed: FATAL:  password authentication failed for user "postgres"
  

Check your database credentials and try again. For more information, visit:
https://docs.getdbt.com/docs/configure-your-profile


[0m14:09:32.434640 [info ] [MainThread]: Your new dbt project "marketing_analytics_dbt" was created!
Initialized new project in C:\Users\aferr\OneDrive\Documents\GitHub\marketing_analytics\marketing_analytics_dbt\marketing_analytics_dbt

For more information on how to configure the profiles.yml file,
please consult the dbt documentation here:

  https://docs.getdbt.com/docs/configure-your-profile

One more thing:

Need help? Don't hesitate to reach out to us via GitHub issues or on Slack:

  https://community.getdbt.com/

Happy modeling!

[0m14:09:32.436432 [info ] [MainThread]: [31mYour profile may need adjustments. You can find the logs of `dbt debug` above[0m
[0m14:09:32.437275 [debug] [MainThread]: Command `dbt init` succeeded at 14:09:32.437171 after 230.98 seconds
[0m14:09:32.437583 [debug] [MainThread]: Connection 'debug' was properly closed.
[0m14:09:32.437882 [debug] [MainThread]: Sending event: {'category': 'dbt', 'action': 'invocation', 'label': 'end', 'context': [<snowplow_tracker.self_describing_json.SelfDescribingJson object at 0x000002540D3D3490>, <snowplow_tracker.self_describing_json.SelfDescribingJson object at 0x000002540DBEBE30>, <snowplow_tracker.self_describing_json.SelfDescribingJson object at 0x000002540D39BCE0>]}
[0m14:09:32.438153 [debug] [MainThread]: Flushing usage events
[0m14:09:32.674169 [debug] [MainThread]: An error was encountered while trying to flush usage events
[0m14:10:05.410682 [debug] [MainThread]: Sending event: {'category': 'dbt', 'action': 'invocation', 'label': 'start', 'context': [<snowplow_tracker.self_describing_json.SelfDescribingJson object at 0x0000022CFEAD82F0>, <snowplow_tracker.self_describing_json.SelfDescribingJson object at 0x0000022CFBE73890>, <snowplow_tracker.self_describing_json.SelfDescribingJson object at 0x0000022C8115BB10>]}


============================== 14:10:05.414014 | 728f0f86-3a48-4a11-817b-75ed5ae46dc5 ==============================
[0m14:10:05.414014 [info ] [MainThread]: Running with dbt=1.12.2
[0m14:10:05.414677 [debug] [MainThread]: running dbt with arguments {'version_check': 'True', 'no_print': 'None', 'maximum_seed_size_mib': '1', 'target_path': 'None', 'static_parser': 'True', 'warn_error_options': 'WarnErrorOptionsV2(error=[], warn=[], silence=[])', 'printer_width': '80', 'write_json': 'True', 'empty': 'None', 'log_cache_events': 'False', 'introspect': 'True', 'cache_selected_only': 'False', 'log_format': 'default', 'debug': 'False', 'fail_fast': 'False', 'partial_parse': 'True', 'send_anonymous_usage_stats': 'True', 'quiet': 'False', 'warn_error': 'None', 'profiles_dir': 'C:\\Users\\aferr\\.dbt', 'invocation_command': 'dbt init', 'hints_enabled': 'True', 'indirect_selection': 'eager', 'use_experimental_parser': 'False', 'use_colors': 'True', 'log_path': 'logs'}
[0m14:10:15.353257 [info ] [MainThread]: A project called marketing_analytics_dbt already exists here.
[0m14:10:15.354108 [debug] [MainThread]: Command `dbt init` succeeded at 14:10:15.354007 after 10.09 seconds
[0m14:10:15.354343 [debug] [MainThread]: Sending event: {'category': 'dbt', 'action': 'invocation', 'label': 'end', 'context': [<snowplow_tracker.self_describing_json.SelfDescribingJson object at 0x0000022CFFEF3490>, <snowplow_tracker.self_describing_json.SelfDescribingJson object at 0x0000022C8124C5F0>, <snowplow_tracker.self_describing_json.SelfDescribingJson object at 0x0000022C81137F00>]}
[0m14:10:15.354581 [debug] [MainThread]: Flushing usage events
[0m14:10:15.621789 [debug] [MainThread]: An error was encountered while trying to flush usage events
[0m14:15:12.377231 [debug] [MainThread]: Sending event: {'category': 'dbt', 'action': 'invocation', 'label': 'start', 'context': [<snowplow_tracker.self_describing_json.SelfDescribingJson object at 0x00000168E8EA82F0>, <snowplow_tracker.self_describing_json.SelfDescribingJson object at 0x00000168E6223890>, <snowplow_tracker.self_describing_json.SelfDescribingJson object at 0x00000168EB473B10>]}


============================== 14:15:12.380057 | d32d1916-f501-4369-96ce-c0d25f8e6b18 ==============================
[0m14:15:12.380057 [info ] [MainThread]: Running with dbt=1.12.2
[0m14:15:12.380727 [debug] [MainThread]: running dbt with arguments {'static_parser': 'True', 'no_print': 'None', 'version_check': 'True', 'target_path': 'None', 'warn_error_options': 'WarnErrorOptionsV2(error=[], warn=[], silence=[])', 'maximum_seed_size_mib': '1', 'printer_width': '80', 'write_json': 'True', 'introspect': 'True', 'log_cache_events': 'False', 'empty': 'None', 'cache_selected_only': 'False', 'log_format': 'default', 'debug': 'False', 'fail_fast': 'False', 'profiles_dir': 'C:\\Users\\aferr\\.dbt', 'send_anonymous_usage_stats': 'True', 'quiet': 'False', 'warn_error': 'None', 'partial_parse': 'True', 'indirect_selection': 'eager', 'hints_enabled': 'True', 'invocation_command': 'dbt debug', 'use_experimental_parser': 'False', 'use_colors': 'True', 'log_path': 'logs'}
[0m14:15:12.389997 [info ] [MainThread]: dbt version: 1.12.2
[0m14:15:12.390713 [info ] [MainThread]: python version: 3.14.6
[0m14:15:12.391600 [info ] [MainThread]: python path: C:\Users\aferr\OneDrive\Documents\GitHub\marketing_analytics\.venv\Scripts\python.exe
[0m14:15:12.391868 [info ] [MainThread]: os info: Windows-11-10.0.26200-SP0
[0m14:15:12.433748 [info ] [MainThread]: Using profiles dir at C:\Users\aferr\.dbt
[0m14:15:12.434333 [info ] [MainThread]: Using profiles.yml file at C:\Users\aferr\.dbt\profiles.yml
[0m14:15:12.434547 [info ] [MainThread]: Using dbt_project.yml file at C:\Users\aferr\OneDrive\Documents\GitHub\marketing_analytics\dbt_project.yml
[0m14:15:12.437214 [info ] [MainThread]: adapter type: postgres
[0m14:15:12.437554 [info ] [MainThread]: adapter version: 1.11.0
[0m14:15:12.437790 [info ] [MainThread]: Configuration:
[0m14:15:12.437976 [info ] [MainThread]:   profiles.yml file [[32mOK found and valid[0m]
[0m14:15:12.438157 [info ] [MainThread]:   dbt_project.yml file [[31mERROR not found[0m]
[0m14:15:12.438327 [info ] [MainThread]: Required dependencies:
[0m14:15:12.439250 [debug] [MainThread]: Executing "git --help"
[0m14:15:12.612052 [debug] [MainThread]: STDOUT: "b"usage: git [-v | --version] [-h | --help] [-C <path>] [-c <name>=<value>]\n           [--exec-path[=<path>]] [--html-path] [--man-path] [--info-path]\n           [-p | --paginate | -P | --no-pager] [--no-replace-objects] [--bare]\n           [--git-dir=<path>] [--work-tree=<path>] [--namespace=<name>]\n           [--config-env=<name>=<envvar>] <command> [<args>]\n\nThese are common Git commands used in various situations:\n\nstart a working area (see also: git help tutorial)\n   clone     Clone a repository into a new directory\n   init      Create an empty Git repository or reinitialize an existing one\n\nwork on the current change (see also: git help everyday)\n   add       Add file contents to the index\n   mv        Move or rename a file, a directory, or a symlink\n   restore   Restore working tree files\n   rm        Remove files from the working tree and from the index\n\nexamine the history and state (see also: git help revisions)\n   bisect    Use binary search to find the commit that introduced a bug\n   diff      Show changes between commits, commit and working tree, etc\n   grep      Print lines matching a pattern\n   log       Show commit logs\n   show      Show various types of objects\n   status    Show the working tree status\n\ngrow, mark and tweak your common history\n   branch    List, create, or delete branches\n   commit    Record changes to the repository\n   merge     Join two or more development histories together\n   rebase    Reapply commits on top of another base tip\n   reset     Reset current HEAD to the specified state\n   switch    Switch branches\n   tag       Create, list, delete or verify a tag object signed with GPG\n\ncollaborate (see also: git help workflows)\n   fetch     Download objects and refs from another repository\n   pull      Fetch from and integrate with another repository or a local branch\n   push      Update remote refs along with associated objects\n\n'git help -a' and 'git help -g' list available subcommands and some\nconcept guides. See 'git help <command>' or 'git help <concept>'\nto read about a specific subcommand or concept.\nSee 'git help git' for an overview of the system.\n""
[0m14:15:12.612401 [debug] [MainThread]: STDERR: "b''"
[0m14:15:12.612654 [info ] [MainThread]:  - git [[32mOK found[0m]

[0m14:15:12.612968 [info ] [MainThread]: Connection:
[0m14:15:12.613266 [info ] [MainThread]:   host: localhost
[0m14:15:12.613508 [info ] [MainThread]:   port: 5432
[0m14:15:12.613756 [info ] [MainThread]:   user: postgres
[0m14:15:12.613992 [info ] [MainThread]:   database: dvdrental
[0m14:15:12.614231 [info ] [MainThread]:   schema: public
[0m14:15:12.614614 [info ] [MainThread]:   connect_timeout: 10
[0m14:15:12.614883 [info ] [MainThread]:   role: None
[0m14:15:12.615115 [info ] [MainThread]:   search_path: None
[0m14:15:12.615326 [info ] [MainThread]:   keepalives_idle: 0
[0m14:15:12.615531 [info ] [MainThread]:   sslmode: None
[0m14:15:12.615732 [info ] [MainThread]:   sslcert: None
[0m14:15:12.615934 [info ] [MainThread]:   sslkey: None
[0m14:15:12.616138 [info ] [MainThread]:   sslrootcert: None
[0m14:15:12.616332 [info ] [MainThread]:   application_name: dbt
[0m14:15:12.616526 [info ] [MainThread]:   autocommit: False
[0m14:15:12.616715 [info ] [MainThread]:   retries: 1
[0m14:15:12.617058 [info ] [MainThread]: Registered adapter: postgres=1.11.0
[0m14:15:12.784697 [debug] [MainThread]: Acquiring new postgres connection 'debug'
[0m14:15:12.907586 [debug] [MainThread]: Using postgres connection "debug"
[0m14:15:12.907867 [debug] [MainThread]: On debug: select 1 as id
[0m14:15:12.908035 [debug] [MainThread]: Opening a new connection, currently in state init
[0m14:15:13.020766 [debug] [MainThread]: SQL status: SELECT 1 in 0.113 seconds
[0m14:15:13.021486 [debug] [MainThread]: On debug: Close
[0m14:15:13.021773 [info ] [MainThread]:   Connection test: [[32mOK connection ok[0m]

[0m14:15:13.022912 [info ] [MainThread]: [31m1 check failed:[0m
[0m14:15:13.023475 [info ] [MainThread]: Project loading failed for the following reason:
 project path <C:\Users\aferr\OneDrive\Documents\GitHub\marketing_analytics\dbt_project.yml> not found

[0m14:15:13.024450 [debug] [MainThread]: Command `dbt debug` failed at 14:15:13.024358 after 0.78 seconds
[0m14:15:13.024678 [debug] [MainThread]: Connection 'debug' was properly closed.
[0m14:15:13.024892 [debug] [MainThread]: Sending event: {'category': 'dbt', 'action': 'invocation', 'label': 'end', 'context': [<snowplow_tracker.self_describing_json.SelfDescribingJson object at 0x00000168EB4FB950>, <snowplow_tracker.self_describing_json.SelfDescribingJson object at 0x00000168EB55D7F0>, <snowplow_tracker.self_describing_json.SelfDescribingJson object at 0x00000168EB514E20>]}
[0m14:15:13.025144 [debug] [MainThread]: Flushing usage events
[0m14:15:13.394763 [debug] [MainThread]: An error was encountered while trying to flush usage events
